po4a-translate -f texinfo -k 0 -M utf8 -m minibuf.texi.orig -p minibuf.texi.po -l minibuf.texi; 
texi2any -v --set-customization-variable TEXI2HTML=1 elisp.texi && \
        cp -f elisp.html ~/storage/shared/Documents
make: *** [Makefile:7: elisp.html] Interrupt
